{
    "Should fit positive lambda and K from smoke-test embeddings": {
        "content": [
            [
                "versions.yml:md5,f32d6e7f863e2fad3fa5adbc8ce4b073"
            ]
        ],
        "timestamp": "2026-08-24T22:14:22.425231191",
        "meta": {
            "nf-test": "0.9.5",
            "nextflow": "26.04.6"
        }
    }
}