{
    "Should fit positive lambda and K from smoke-test embeddings": {
        "content": [
            [
                "versions.yml:md5,7850ce236874d943862a51f37559305c"
            ]
        ],
        "timestamp": "2026-08-14T16:34:58.270440029",
        "meta": {
            "nf-test": "0.9.5",
            "nextflow": "26.04.6"
        }
    }
}