{
    "Should build a graph shard from a structures TSV with extra columns": {
        "content": [
            [
                "versions.yml:md5,2e6bd6bfd53797b7dc9b053eb6607def"
            ]
        ],
        "timestamp": "2026-08-18T17:36:36.991565647",
        "meta": {
            "nf-test": "0.9.5",
            "nextflow": "26.04.6"
        }
    }
}
