{
    "Should draw cosine and score matrices from the SW fixture": {
        "content": [
            [
                "versions.yml:md5,ebb54972599c687aa89be21c0cec8423"
            ]
        ],
        "timestamp": "2026-08-24T22:14:55.158843254",
        "meta": {
            "nf-test": "0.9.5",
            "nextflow": "26.04.6"
        }
    }
}