{
    "Should embed a graph shard on GPU from the smoke structures TSV": {
        "content": [
            [
                "versions.yml:md5,2649b1cdae76d41ec1d2cb7bbd4ba97b"
            ]
        ],
        "timestamp": "2026-08-18T17:39:53.043010021",
        "meta": {
            "nf-test": "0.9.5",
            "nextflow": "26.04.6"
        }
    },
    "Should stub embed on GPU": {
        "content": [
            {
                "0": [
                    [
                        {
                            "id": "test"
                        },
                        "test.npz:md5,d41d8cd98f00b204e9800998ecf8427e",
                        "test.manifest.json:md5,d41d8cd98f00b204e9800998ecf8427e"
                    ]
                ],
                "1": [
                    "versions.yml:md5,2649b1cdae76d41ec1d2cb7bbd4ba97b"
                ],
                "embeddings": [
                    [
                        {
                            "id": "test"
                        },
                        "test.npz:md5,d41d8cd98f00b204e9800998ecf8427e",
                        "test.manifest.json:md5,d41d8cd98f00b204e9800998ecf8427e"
                    ]
                ],
                "versions": [
                    "versions.yml:md5,2649b1cdae76d41ec1d2cb7bbd4ba97b"
                ]
            }
        ],
        "timestamp": "2026-08-18T17:40:02.050598734",
        "meta": {
            "nf-test": "0.9.5",
            "nextflow": "26.04.6"
        }
    }
}
