{
    "Should build an HTML report from the plot fixture": {
        "content": [
            [
                "versions.yml:md5,ed995e67af6ca94e752fe9c0ef9503cc"
            ]
        ],
        "timestamp": "2026-08-14T20:59:41.742944257",
        "meta": {
            "nf-test": "0.9.5",
            "nextflow": "26.04.6"
        }
    }
}