{
    "Should draw a unified alignment arc plot from the plot fixture": {
        "content": [
            [
                "versions.yml:md5,deb6e8488c6005d755f2499816574cc0"
            ]
        ],
        "timestamp": "2026-08-15T13:19:14.745570411",
        "meta": {
            "nf-test": "0.9.5",
            "nextflow": "26.04.6"
        }
    }
}